// Jest Snapshot v1, https://goo.gl/fbAQLP

exports[`loadingInjector should return loading component 1`] = `
<div
  style={
    Object {
      "display": "block",
      "textAlign": "center",
    }
  }
>
  <img
    src="../assets/ring.svg"
  />
</div>
`;

exports[`loadingInjector should return wrapped component 1`] = `
<Component
  isFetching={false}
/>
`;
